version https://git-lfs.github.com/spec/v1
oid sha256:d60eb186c2b220bbc60e6b6bc70fe3e0a71f9a278813a58e4ff57b1024a6db42
size 338
